// Jest Snapshot v1, https://goo.gl/fbAQLP

exports[`matches snapShot 1`] = `
<div
  className="starListContainer"
  data-testid="starList"
/>
`;
