// Jest Snapshot v1, https://goo.gl/fbAQLP

exports[`matches snapShot 1`] = `
<div
  data-testid="Button"
>
  i am button
</div>
`;
